ok: git init --bare 1lectures-r
             # "Es como inicializar un repositorio remoto
                pero en local en otra carpeta defirente a la del projecto en tu mismo pc"

Initialized empty Git repository in G:/1acumulacion-ftp/z-repositories/1lectures-r/
G:/1acumulacion-ftp/z-repositories/1lectures-r/				
				
clonar en repositorio vacio bare que acabo de crear en una carpeta vacia:
git clone  G:/1acumulacion-ftp/z-repositories/1lectures-r/ .

se le configura el usuario al repositorio vacio especifico de manera local:
le creo id de usuario local al repositorio local:
    local: se relaciona con el repositorio en particular, debes crearlo por cada repositorio que crees. 
    git config --local user.name "Miguel"
    git config --local user.email "miguelepst@hotmail.com"
vuelvo y verifico listando la informacion: 
    git config --local -e

 				
				
clonar el repositorio que ya esta en la nube a una carpeta temporar para añadirlo al repositorio bare que esta vacio 				
git clone https://github.com/Miguelepst/1lectures-r.git				
				
Cloning into '1lectures-r'...
remote: Enumerating objects: 196, done.
remote: Counting objects: 100% (196/196), done.
remote: Compressing objects: 100% (177/177), done.
remote: Total 196 (delta 12), reused 195 (delta 11), pack-reused 0 (from 0)
Receiving objects: 100% (196/196), 28.68 MiB | 5.58 MiB/s, done.
Resolving deltas: 100% (12/12), done.

error: unable to create file presentations slices google/CARTAGENA COLOMBIA What to do What to see Where to Eat and TOURIST TRAPS/CARTAGENA COLOMBIA  What to do What to see Where to Eat and TOURIST TRAPS.txt: Filename too long
error: unable to create file presentations slices google/CARTAGENA COLOMBIA What to do What to see Where to Eat and TOURIST TRAPS/CARTAGENA COLOMBIA spn What to do What to see Where to Eat and TOURIST TRAPS.txt: Filename too long
fatal: unable to checkout working tree
warning: Clone succeeded, but checkout failed.
You can inspect what was checked out with 'git status'
and retry with 'git restore --source=HEAD :/'

ok:se hace una copia de la carpeta y se elimina el directorio que contiene los archivos largos directamente desde github con su respectivo commit que describe la accion

ok: se clona nuevamente el repositorio en conformidad, sin errores, la carpeta eliminda sera incluida en el repositorio 
$ git clone https://github.com/Miguelepst/1lectures-r.git
Cloning into '1lectures-r'...
remote: Enumerating objects: 199, done.
remote: Counting objects: 100% (199/199), done.
remote: Compressing objects: 100% (179/179), done.
remote: Total 199 (delta 13), reused 194 (delta 11), pack-reused 0 (from 0)
Receiving objects: 100% (199/199), 28.68 MiB | 6.79 MiB/s, done.
Resolving deltas: 100% (13/13), done.

ok: se copia todo el proyecto del repositorio clonado sin incluir .git y se pega al repositorio vacio bare local del equipo portatil alexandra
ok: se incluye la carpeta que fue eliminada del proyecto nuevamente. 

git status
git add .

error tipo warning
warning: in the working copy of 'Aron-impruve your pitch.txt', LF will be replaced by CRLF the next time Git touches it

ok: git config --local core.autocrlf false

Miguel GV@DESKTOP-ND2SKMT MINGW64 /g/1acumulacion-ftp/1practica-diaria/1learn/1english/1lectures-r (master)
$ git status
On branch master

No commits yet

Changes to be committed:
  (use "git rm --cached <file>..." to unstage)

ok: $ git rm --cached -r .
nothing added to commit but untracked files present (use "git add" to track)





una opcion seria hacerun git pull pero antes debo vincular el repositorio vacio bare local al repositorio origin remoto github al que le voy hacer pull o extraccion de datos 
para depues poder hacerle un push al repositorio bare local


To add a new remote, called for example github instead of origin (which obviously already exists in your system), do the following:
git remote add github https://github.com/Miguelepst/1lectures-r.git


git pull REMOTE-NAME BRANCH-NAME
ok: git pull github master

ok: incluir la carpeta que se habia eliminado por tener archivos de nombre muy lagos al repositorio 
ok: carpeta cartagena colombia

git status 

Untracked files:
  (use "git add <file>..." to include in what will be committed)
        presentations slices google/CARTAGENA COLOMBIA/

git add  . 

git commit -m "Mi primer commit desde portatil 2, el cual posee repositorio bare relacionado a este repositorio"

$ git status
On branch master
Your branch is based on 'origin/master', but the upstream is gone.
  (use "git branch --unset-upstream" to fixup)

nothing to commit, working tree clean

ahora si hacemos push a los dos repositorios no importa cual es primero, pero el prinsipal es el que esta en la nube osea GitHub.

ok: git push github master

$ git push github master
Enumerating objects: 8, done.
Counting objects: 100% (8/8), done.
Delta compression using up to 4 threads
Compressing objects: 100% (6/6), done.
Writing objects: 100% (6/6), 3.09 KiB | 1.03 MiB/s, done.
Total 6 (delta 1), reused 2 (delta 0), pack-reused 0 (from 0)
remote: Resolving deltas: 100% (1/1), completed with 1 local object.
To https://github.com/Miguelepst/1lectures-r.git
   997968f..c23bff6  master -> master

despues un git push al repositorio bare local en mi pc
git push 

Miguel GV@DESKTOP-ND2SKMT MINGW64 /g/1acumulacion-ftp/1practica-diaria/1learn/1english/1lectures-r (master)
$ git push
Enumerating objects: 203, done.
Counting objects: 100% (203/203), done.
Delta compression using up to 4 threads
Compressing objects: 100% (181/181), done.
Writing objects: 100% (203/203), 28.68 MiB | 21.82 MiB/s, done.
Total 203 (delta 15), reused 198 (delta 13), pack-reused 0 (from 0)
remote: Resolving deltas: 100% (15/15), done.
To G:/1acumulacion-ftp/z-repositories/1lectures-r/
 * [new branch]      master -> master




finalmente configuro la carpeta para que terabox realice auto up load de la informacion.



